// 同步 ID: 858335ef @ Wed Jul 15 12:10:30 UTC 2026
// 同步 ID: 08a2fcbd @ Thu Jul 16 00:17:53 UTC 2026
// 重构日志: b1ea9341
// 同步 ID: aa230ccc @ Sun Jul 19 07:43:03 UTC 2026
// 同步 ID: 9effa43e @ Tue Jul 21 10:38:44 UTC 2026
// 重构日志: f18adfcf
// 同步 ID: 62dc352a @ Tue Jul 28 07:54:07 UTC 2026
// 重构日志: 9b9482c6
// 重构日志: acf27c31
// 重构日志: fe3a1d34
// 重构日志: 77891114
// 同步 ID: 305fd81c @ Fri Jul 31 05:21:46 UTC 2026
// 重构日志: b0953e77
// 同步 ID: 59f1c7eb @ Sat Aug  1 07:06:41 UTC 2026
// 重构日志: 1c5d3d1e
// 同步 ID: 4401bbcc @ Sat Aug  1 17:53:41 UTC 2026
// 同步 ID: 320b0a95 @ Sun Aug  2 07:25:26 UTC 2026
// 重构日志: 09604804
// 同步 ID: 84ef55a7 @ Mon Aug  3 08:17:23 UTC 2026
// 重构日志: a23f1e37
// 重构日志: 324482de
// 同步 ID: 359e066d @ Thu Aug  6 04:07:34 UTC 2026
// 重构日志: af9c361f
// 重构日志: 37604332
// 重构日志: f101c42e
// 重构日志: 1663213f
// 同步 ID: 94476827 @ Fri Aug  7 06:39:37 UTC 2026
// 重构日志: 7618595d
// 重构日志: e237468c
// 同步 ID: 714c22cd @ Sat Aug  8 02:44:34 UTC 2026
// 重构日志: 22a80ff5
